WARNING: Building component "simpleExternalElement" with no links assigned.
SimpleExternalElement-simpleExternalElement-> Config: maxRepeats=15, printFreq=10
SimpleExternalElement-simpleExternalElement-> Component is being setup.
SimpleExternalElement-simpleExternalElement-> Hello World!
SimpleExternalElement-simpleExternalElement-> Hello World!
SimpleExternalElement-simpleExternalElement-> Hello World!
SimpleExternalElement-simpleExternalElement-> Hello World!
SimpleExternalElement-simpleExternalElement-> Hello World!
SimpleExternalElement-simpleExternalElement-> Hello World!
SimpleExternalElement-simpleExternalElement-> Hello World!
SimpleExternalElement-simpleExternalElement-> Hello World!
SimpleExternalElement-simpleExternalElement-> Hello World!
SimpleExternalElement-simpleExternalElement-> Hello World!
SimpleExternalElement-simpleExternalElement-> Hello World!
SimpleExternalElement-simpleExternalElement-> Hello World!
SimpleExternalElement-simpleExternalElement-> Hello World!
SimpleExternalElement-simpleExternalElement-> Hello World!
SimpleExternalElement-simpleExternalElement-> Hello World!
SimpleExternalElement-simpleExternalElement-> Component is being finished.
Simulation is complete, simulated time: 1.5 us
